Archive member included to satisfy reference by file (symbol)

d:/stm32cubeide_1.11.0/stm32cubeide/plugins/com.st.stm32cube.ide.mcu.externaltools.gnu-tools-for-stm32.10.3-2021.10.win32_1.0.100.202210260954/tools/bin/../lib/gcc/arm-none-eabi/10.3.1/../../../../arm-none-eabi/lib/thumb/v7e-m+fp/hard\libc_nano.a(lib_a-errno.o)
                              ./Core/Src/syscalls.o (__errno)
d:/stm32cubeide_1.11.0/stm32cubeide/plugins/com.st.stm32cube.ide.mcu.externaltools.gnu-tools-for-stm32.10.3-2021.10.win32_1.0.100.202210260954/tools/bin/../lib/gcc/arm-none-eabi/10.3.1/../../../../arm-none-eabi/lib/thumb/v7e-m+fp/hard\libc_nano.a(lib_a-exit.o)
                              d:/stm32cubeide_1.11.0/stm32cubeide/plugins/com.st.stm32cube.ide.mcu.externaltools.gnu-tools-for-stm32.10.3-2021.10.win32_1.0.100.202210260954/tools/bin/../lib/gcc/arm-none-eabi/10.3.1/../../../../arm-none-eabi/lib/thumb/v7e-m+fp/hard/crt0.o (exit)
d:/stm32cubeide_1.11.0/stm32cubeide/plugins/com.st.stm32cube.ide.mcu.externaltools.gnu-tools-for-stm32.10.3-2021.10.win32_1.0.100.202210260954/tools/bin/../lib/gcc/arm-none-eabi/10.3.1/../../../../arm-none-eabi/lib/thumb/v7e-m+fp/hard\libc_nano.a(lib_a-impure.o)
                              d:/stm32cubeide_1.11.0/stm32cubeide/plugins/com.st.stm32cube.ide.mcu.externaltools.gnu-tools-for-stm32.10.3-2021.10.win32_1.0.100.202210260954/tools/bin/../lib/gcc/arm-none-eabi/10.3.1/../../../../arm-none-eabi/lib/thumb/v7e-m+fp/hard\libc_nano.a(lib_a-exit.o) (_global_impure_ptr)
d:/stm32cubeide_1.11.0/stm32cubeide/plugins/com.st.stm32cube.ide.mcu.externaltools.gnu-tools-for-stm32.10.3-2021.10.win32_1.0.100.202210260954/tools/bin/../lib/gcc/arm-none-eabi/10.3.1/../../../../arm-none-eabi/lib/thumb/v7e-m+fp/hard\libc_nano.a(lib_a-init.o)
                              d:/stm32cubeide_1.11.0/stm32cubeide/plugins/com.st.stm32cube.ide.mcu.externaltools.gnu-tools-for-stm32.10.3-2021.10.win32_1.0.100.202210260954/tools/bin/../lib/gcc/arm-none-eabi/10.3.1/../../../../arm-none-eabi/lib/thumb/v7e-m+fp/hard/crt0.o (__libc_init_array)
d:/stm32cubeide_1.11.0/stm32cubeide/plugins/com.st.stm32cube.ide.mcu.externaltools.gnu-tools-for-stm32.10.3-2021.10.win32_1.0.100.202210260954/tools/bin/../lib/gcc/arm-none-eabi/10.3.1/../../../../arm-none-eabi/lib/thumb/v7e-m+fp/hard\libc_nano.a(lib_a-memset.o)
                              d:/stm32cubeide_1.11.0/stm32cubeide/plugins/com.st.stm32cube.ide.mcu.externaltools.gnu-tools-for-stm32.10.3-2021.10.win32_1.0.100.202210260954/tools/bin/../lib/gcc/arm-none-eabi/10.3.1/../../../../arm-none-eabi/lib/thumb/v7e-m+fp/hard/crt0.o (memset)
d:/stm32cubeide_1.11.0/stm32cubeide/plugins/com.st.stm32cube.ide.mcu.externaltools.gnu-tools-for-stm32.10.3-2021.10.win32_1.0.100.202210260954/tools/bin/../lib/gcc/arm-none-eabi/10.3.1/thumb/v7e-m+fp/hard\libgcc.a(_aeabi_uldivmod.o)
                              ./Drivers/STM32F4xx_HAL_Driver/Src/stm32f4xx_hal_rcc.o (__aeabi_uldivmod)
d:/stm32cubeide_1.11.0/stm32cubeide/plugins/com.st.stm32cube.ide.mcu.externaltools.gnu-tools-for-stm32.10.3-2021.10.win32_1.0.100.202210260954/tools/bin/../lib/gcc/arm-none-eabi/10.3.1/thumb/v7e-m+fp/hard\libgcc.a(_udivmoddi4.o)
                              d:/stm32cubeide_1.11.0/stm32cubeide/plugins/com.st.stm32cube.ide.mcu.externaltools.gnu-tools-for-stm32.10.3-2021.10.win32_1.0.100.202210260954/tools/bin/../lib/gcc/arm-none-eabi/10.3.1/thumb/v7e-m+fp/hard\libgcc.a(_aeabi_uldivmod.o) (__udivmoddi4)
d:/stm32cubeide_1.11.0/stm32cubeide/plugins/com.st.stm32cube.ide.mcu.externaltools.gnu-tools-for-stm32.10.3-2021.10.win32_1.0.100.202210260954/tools/bin/../lib/gcc/arm-none-eabi/10.3.1/thumb/v7e-m+fp/hard\libgcc.a(_dvmd_tls.o)
                              d:/stm32cubeide_1.11.0/stm32cubeide/plugins/com.st.stm32cube.ide.mcu.externaltools.gnu-tools-for-stm32.10.3-2021.10.win32_1.0.100.202210260954/tools/bin/../lib/gcc/arm-none-eabi/10.3.1/thumb/v7e-m+fp/hard\libgcc.a(_aeabi_uldivmod.o) (__aeabi_ldiv0)

Discarded input sections

 .text          0x0000000000000000        0x0 d:/stm32cubeide_1.11.0/stm32cubeide/plugins/com.st.stm32cube.ide.mcu.externaltools.gnu-tools-for-stm32.10.3-2021.10.win32_1.0.100.202210260954/tools/bin/../lib/gcc/arm-none-eabi/10.3.1/thumb/v7e-m+fp/hard/crti.o
 .data          0x0000000000000000        0x0 d:/stm32cubeide_1.11.0/stm32cubeide/plugins/com.st.stm32cube.ide.mcu.externaltools.gnu-tools-for-stm32.10.3-2021.10.win32_1.0.100.202210260954/tools/bin/../lib/gcc/arm-none-eabi/10.3.1/thumb/v7e-m+fp/hard/crti.o
 .bss           0x0000000000000000        0x0 d:/stm32cubeide_1.11.0/stm32cubeide/plugins/com.st.stm32cube.ide.mcu.externaltools.gnu-tools-for-stm32.10.3-2021.10.win32_1.0.100.202210260954/tools/bin/../lib/gcc/arm-none-eabi/10.3.1/thumb/v7e-m+fp/hard/crti.o
[...]
Memory Configuration

Name             Origin             Length             Attributes
RAM              0x0000000020000000 0x0000000000020000 xrw
FLASH            0x0000000008000000 0x0000000000080000 xr
*default*        0x0000000000000000 0xffffffffffffffff

Linker script and memory map

LOAD d:/stm32cubeide_1.11.0/stm32cubeide/plugins/com.st.stm32cube.ide.mcu.externaltools.gnu-tools-for-stm32.10.3-2021.10.win32_1.0.100.202210260954/tools/bin/../lib/gcc/arm-none-eabi/10.3.1/thumb/v7e-m+fp/hard/crti.o
LOAD d:/stm32cubeide_1.11.0/stm32cubeide/plugins/com.st.stm32cube.ide.mcu.externaltools.gnu-tools-for-stm32.10.3-2021.10.win32_1.0.100.202210260954/tools/bin/../lib/gcc/arm-none-eabi/10.3.1/thumb/v7e-m+fp/hard/crtbegin.o
LOAD d:/stm32cubeide_1.11.0/stm32cubeide/plugins/com.st.stm32cube.ide.mcu.externaltools.gnu-tools-for-stm32.10.3-2021.10.win32_1.0.100.202210260954/tools/bin/../lib/gcc/arm-none-eabi/10.3.1/../../../../arm-none-eabi/lib/thumb/v7e-m+fp/hard/crt0.o
LOAD ./Core/Src/main.o
LOAD ./Core/Src/stm32f4xx_hal_msp.o
LOAD ./Core/Src/stm32f4xx_it.o
LOAD ./Core/Src/syscalls.o
LOAD ./Core/Src/sysmem.o
LOAD ./Core/Src/system_stm32f4xx.o
LOAD ./Core/Startup/startup_stm32f446retx.o
LOAD ./Drivers/STM32F4xx_HAL_Driver/Src/stm32f4xx_hal.o
LOAD ./Drivers/STM32F4xx_HAL_Driver/Src/stm32f4xx_hal_adc.o
LOAD ./Drivers/STM32F4xx_HAL_Driver/Src/stm32f4xx_hal_adc_ex.o
LOAD ./Drivers/STM32F4xx_HAL_Driver/Src/stm32f4xx_hal_cortex.o
LOAD ./Drivers/STM32F4xx_HAL_Driver/Src/stm32f4xx_hal_dma.o
LOAD ./Drivers/STM32F4xx_HAL_Driver/Src/stm32f4xx_hal_dma_ex.o
LOAD ./Drivers/STM32F4xx_HAL_Driver/Src/stm32f4xx_hal_exti.o
LOAD ./Drivers/STM32F4xx_HAL_Driver/Src/stm32f4xx_hal_flash.o
LOAD ./Drivers/STM32F4xx_HAL_Driver/Src/stm32f4xx_hal_flash_ex.o
LOAD ./Drivers/STM32F4xx_HAL_Driver/Src/stm32f4xx_hal_flash_ramfunc.o
LOAD ./Drivers/STM32F4xx_HAL_Driver/Src/stm32f4xx_hal_gpio.o
LOAD ./Drivers/STM32F4xx_HAL_Driver/Src/stm32f4xx_hal_pwr.o
LOAD ./Drivers/STM32F4xx_HAL_Driver/Src/stm32f4xx_hal_pwr_ex.o
LOAD ./Drivers/STM32F4xx_HAL_Driver/Src/stm32f4xx_hal_rcc.o
LOAD ./Drivers/STM32F4xx_HAL_Driver/Src/stm32f4xx_hal_rcc_ex.o
LOAD ./Drivers/STM32F4xx_HAL_Driver/Src/stm32f4xx_hal_tim.o
LOAD ./Drivers/STM32F4xx_HAL_Driver/Src/stm32f4xx_hal_tim_ex.o
LOAD ./Drivers/STM32F4xx_HAL_Driver/Src/stm32f4xx_ll_adc.o
START GROUP
LOAD d:/stm32cubeide_1.11.0/stm32cubeide/plugins/com.st.stm32cube.ide.mcu.externaltools.gnu-tools-for-stm32.10.3-2021.10.win32_1.0.100.202210260954/tools/bin/../lib/gcc/arm-none-eabi/10.3.1/../../../../arm-none-eabi/lib/thumb/v7e-m+fp/hard\libc_nano.a
LOAD d:/stm32cubeide_1.11.0/stm32cubeide/plugins/com.st.stm32cube.ide.mcu.externaltools.gnu-tools-for-stm32.10.3-2021.10.win32_1.0.100.202210260954/tools/bin/../lib/gcc/arm-none-eabi/10.3.1/../../../../arm-none-eabi/lib/thumb/v7e-m+fp/hard\libm.a
END GROUP
START GROUP
LOAD d:/stm32cubeide_1.11.0/stm32cubeide/plugins/com.st.stm32cube.ide.mcu.externaltools.gnu-tools-for-stm32.10.3-2021.10.win32_1.0.100.202210260954/tools/bin/../lib/gcc/arm-none-eabi/10.3.1/thumb/v7e-m+fp/hard\libgcc.a
LOAD d:/stm32cubeide_1.11.0/stm32cubeide/plugins/com.st.stm32cube.ide.mcu.externaltools.gnu-tools-for-stm32.10.3-2021.10.win32_1.0.100.202210260954/tools/bin/../lib/gcc/arm-none-eabi/10.3.1/../../../../arm-none-eabi/lib/thumb/v7e-m+fp/hard\libc_nano.a
END GROUP
START GROUP
LOAD d:/stm32cubeide_1.11.0/stm32cubeide/plugins/com.st.stm32cube.ide.mcu.externaltools.gnu-tools-for-stm32.10.3-2021.10.win32_1.0.100.202210260954/tools/bin/../lib/gcc/arm-none-eabi/10.3.1/thumb/v7e-m+fp/hard\libgcc.a
LOAD d:/stm32cubeide_1.11.0/stm32cubeide/plugins/com.st.stm32cube.ide.mcu.externaltools.gnu-tools-for-stm32.10.3-2021.10.win32_1.0.100.202210260954/tools/bin/../lib/gcc/arm-none-eabi/10.3.1/../../../../arm-none-eabi/lib/thumb/v7e-m+fp/hard\libc_nano.a
LOAD d:/stm32cubeide_1.11.0/stm32cubeide/plugins/com.st.stm32cube.ide.mcu.externaltools.gnu-tools-for-stm32.10.3-2021.10.win32_1.0.100.202210260954/tools/bin/../lib/gcc/arm-none-eabi/10.3.1/../../../../arm-none-eabi/lib/thumb/v7e-m+fp/hard\libnosys.a
END GROUP
START GROUP
LOAD d:/stm32cubeide_1.11.0/stm32cubeide/plugins/com.st.stm32cube.ide.mcu.externaltools.gnu-tools-for-stm32.10.3-2021.10.win32_1.0.100.202210260954/tools/bin/../lib/gcc/arm-none-eabi/10.3.1/thumb/v7e-m+fp/hard\libgcc.a
LOAD d:/stm32cubeide_1.11.0/stm32cubeide/plugins/com.st.stm32cube.ide.mcu.externaltools.gnu-tools-for-stm32.10.3-2021.10.win32_1.0.100.202210260954/tools/bin/../lib/gcc/arm-none-eabi/10.3.1/../../../../arm-none-eabi/lib/thumb/v7e-m+fp/hard\libc_nano.a
LOAD d:/stm32cubeide_1.11.0/stm32cubeide/plugins/com.st.stm32cube.ide.mcu.externaltools.gnu-tools-for-stm32.10.3-2021.10.win32_1.0.100.202210260954/tools/bin/../lib/gcc/arm-none-eabi/10.3.1/../../../../arm-none-eabi/lib/thumb/v7e-m+fp/hard\libnosys.a
END GROUP
LOAD d:/stm32cubeide_1.11.0/stm32cubeide/plugins/com.st.stm32cube.ide.mcu.externaltools.gnu-tools-for-stm32.10.3-2021.10.win32_1.0.100.202210260954/tools/bin/../lib/gcc/arm-none-eabi/10.3.1/thumb/v7e-m+fp/hard/crtend.o
LOAD d:/stm32cubeide_1.11.0/stm32cubeide/plugins/com.st.stm32cube.ide.mcu.externaltools.gnu-tools-for-stm32.10.3-2021.10.win32_1.0.100.202210260954/tools/bin/../lib/gcc/arm-none-eabi/10.3.1/thumb/v7e-m+fp/hard/crtn.o
                0x0000000020020000                _estack = (ORIGIN (RAM) + LENGTH (RAM))
                0x0000000000000200                _Min_Heap_Size = 0x200
                0x0000000000000400                _Min_Stack_Size = 0x400

.isr_vector     0x0000000008000000      0x1c4
                0x0000000008000000                . = ALIGN (0x4)
 *(.isr_vector)
 .isr_vector    0x0000000008000000      0x1c4 ./Core/Startup/startup_stm32f446retx.o
                0x0000000008000000                g_pfnVectors
                0x00000000080001c4                . = ALIGN (0x4)

.text           0x00000000080001c4     0x2ff0
                0x00000000080001c4                . = ALIGN (0x4)
 *(.text)
 .text          0x00000000080001c4       0x40 d:/stm32cubeide_1.11.0/stm32cubeide/plugins/com.st.stm32cube.ide.mcu.externaltools.gnu-tools-for-stm32.10.3-2021.10.win32_1.0.100.202210260954/tools/bin/../lib/gcc/arm-none-eabi/10.3.1/thumb/v7e-m+fp/hard/crtbegin.o
 .text          0x0000000008000204       0x30 d:/stm32cubeide_1.11.0/stm32cubeide/plugins/com.st.stm32cube.ide.mcu.externaltools.gnu-tools-for-stm32.10.3-2021.10.win32_1.0.100.202210260954/tools/bin/../lib/gcc/arm-none-eabi/10.3.1/thumb/v7e-m+fp/hard\libgcc.a(_aeabi_uldivmod.o)
                0x0000000008000204                __aeabi_uldivmod
 .text          0x0000000008000234      0x2d0 d:/stm32cubeide_1.11.0/stm32cubeide/plugins/com.st.stm32cube.ide.mcu.externaltools.gnu-tools-for-stm32.10.3-2021.10.win32_1.0.100.202210260954/tools/bin/../lib/gcc/arm-none-eabi/10.3.1/thumb/v7e-m+fp/hard\libgcc.a(_udivmoddi4.o)
                0x0000000008000234                __udivmoddi4
 .text          0x0000000008000504        0x4 d:/stm32cubeide_1.11.0/stm32cubeide/plugins/com.st.stm32cube.ide.mcu.externaltools.gnu-tools-for-stm32.10.3-2021.10.win32_1.0.100.202210260954/tools/bin/../lib/gcc/arm-none-eabi/10.3.1/thumb/v7e-m+fp/hard\libgcc.a(_dvmd_tls.o)
                0x0000000008000504                __aeabi_idiv0
                0x0000000008000504                __aeabi_ldiv0
 *(.text*)
 .text.main     0x0000000008000508       0x4c ./Core/Src/main.o
                0x0000000008000508                main
 .text.SystemClock_Config
                0x0000000008000554       0xc0 ./Core/Src/main.o
                0x0000000008000554                SystemClock_Config
 .text.MX_ADC1_Init
                0x0000000008000614       0xa4 ./Core/Src/main.o
 .text.MX_TIM3_Init
                0x00000000080006b8       0x98 ./Core/Src/main.o
 .text.MX_TIM6_Init
                0x0000000008000750       0x6c ./Core/Src/main.o
 .text.MX_DMA_Init
                0x00000000080007bc       0x40 ./Core/Src/main.o
 .text.MX_GPIO_Init
                0x00000000080007fc       0x50 ./Core/Src/main.o
 .text.HAL_ADC_ConvHalfCpltCallback
                0x000000000800084c       0x30 ./Core/Src/main.o
                0x000000000800084c                HAL_ADC_ConvHalfCpltCallback
 .text.HAL_ADC_ConvCpltCallback
                0x000000000800087c       0x28 ./Core/Src/main.o
                0x000000000800087c                HAL_ADC_ConvCpltCallback
 .text.Error_Handler
                0x00000000080008a4        0xa ./Core/Src/main.o
                0x00000000080008a4                Error_Handler
 *fill*         0x00000000080008ae        0x2 
 .text.HAL_MspInit
                0x00000000080008b0       0x50 ./Core/Src/stm32f4xx_hal_msp.o
                0x00000000080008b0                HAL_MspInit
 .text.HAL_ADC_MspInit
                0x0000000008000900      0x100 ./Core/Src/stm32f4xx_hal_msp.o
                0x0000000008000900                HAL_ADC_MspInit
 .text.HAL_TIM_Base_MspInit
                0x0000000008000a00       0x70 ./Core/Src/stm32f4xx_hal_msp.o
                0x0000000008000a00                HAL_TIM_Base_MspInit
 .text.NMI_Handler
                0x0000000008000a70        0x6 ./Core/Src/stm32f4xx_it.o
                0x0000000008000a70                NMI_Handler
 .text.HardFault_Handler
                0x0000000008000a76        0x6 ./Core/Src/stm32f4xx_it.o
                0x0000000008000a76                HardFault_Handler
 .text.MemManage_Handler
                0x0000000008000a7c        0x6 ./Core/Src/stm32f4xx_it.o
                0x0000000008000a7c                MemManage_Handler
 .text.BusFault_Handler
                0x0000000008000a82        0x6 ./Core/Src/stm32f4xx_it.o
                0x0000000008000a82                BusFault_Handler
 .text.UsageFault_Handler
                0x0000000008000a88        0x6 ./Core/Src/stm32f4xx_it.o
                0x0000000008000a88                UsageFault_Handler
 .text.SVC_Handler
                0x0000000008000a8e        0xe ./Core/Src/stm32f4xx_it.o
                0x0000000008000a8e                SVC_Handler
 .text.DebugMon_Handler
                0x0000000008000a9c        0xe ./Core/Src/stm32f4xx_it.o
                0x0000000008000a9c                DebugMon_Handler
 .text.PendSV_Handler
                0x0000000008000aaa        0xe ./Core/Src/stm32f4xx_it.o
                0x0000000008000aaa                PendSV_Handler
 .text.SysTick_Handler
                0x0000000008000ab8        0xc ./Core/Src/stm32f4xx_it.o
                0x0000000008000ab8                SysTick_Handler
 .text.DMA2_Stream0_IRQHandler
                0x0000000008000ac4       0x14 ./Core/Src/stm32f4xx_it.o
                0x0000000008000ac4                DMA2_Stream0_IRQHandler
 .text.SystemInit
                0x0000000008000ad8       0x24 ./Core/Src/system_stm32f4xx.o
                0x0000000008000ad8                SystemInit
 .text.Reset_Handler
                0x0000000008000afc       0x50 ./Core/Startup/startup_stm32f446retx.o
                0x0000000008000afc                Reset_Handler
 .text.Default_Handler
                0x0000000008000b4c        0x2 ./Core/Startup/startup_stm32f446retx.o
                0x0000000008000b4c                RTC_Alarm_IRQHandler
                0x0000000008000b4c                EXTI2_IRQHandler
                0x0000000008000b4c                TIM8_CC_IRQHandler
                0x0000000008000b4c                FMPI2C1_EV_IRQHandler
                0x0000000008000b4c                SPI4_IRQHandler
                0x0000000008000b4c                TIM1_CC_IRQHandler
                0x0000000008000b4c                DMA2_Stream5_IRQHandler
                0x0000000008000b4c                DMA1_Stream5_IRQHandler
                0x0000000008000b4c                PVD_IRQHandler
                0x0000000008000b4c                SDIO_IRQHandler
                0x0000000008000b4c                TAMP_STAMP_IRQHandler
                0x0000000008000b4c                CAN2_RX1_IRQHandler
                0x0000000008000b4c                EXTI3_IRQHandler
                0x0000000008000b4c                TIM8_TRG_COM_TIM14_IRQHandler
                0x0000000008000b4c                TIM1_UP_TIM10_IRQHandler
                0x0000000008000b4c                TIM8_UP_TIM13_IRQHandler
                0x0000000008000b4c                I2C3_ER_IRQHandler
                0x0000000008000b4c                EXTI0_IRQHandler
                0x0000000008000b4c                I2C2_EV_IRQHandler
                0x0000000008000b4c                DMA1_Stream2_IRQHandler
                0x0000000008000b4c                CAN1_RX0_IRQHandler
                0x0000000008000b4c                FPU_IRQHandler
                0x0000000008000b4c                OTG_HS_WKUP_IRQHandler
                0x0000000008000b4c                CAN2_SCE_IRQHandler
                0x0000000008000b4c                DMA2_Stream2_IRQHandler
                0x0000000008000b4c                SPI1_IRQHandler
                0x0000000008000b4c                TIM6_DAC_IRQHandler
                0x0000000008000b4c                TIM1_BRK_TIM9_IRQHandler
                0x0000000008000b4c                DCMI_IRQHandler
                0x0000000008000b4c                CAN2_RX0_IRQHandler
                0x0000000008000b4c                DMA2_Stream3_IRQHandler
                0x0000000008000b4c                SAI2_IRQHandler
                0x0000000008000b4c                USART6_IRQHandler
                0x0000000008000b4c                USART3_IRQHandler
                0x0000000008000b4c                CAN1_RX1_IRQHandler
                0x0000000008000b4c                UART5_IRQHandler
                0x0000000008000b4c                TIM4_IRQHandler
                0x0000000008000b4c                QUADSPI_IRQHandler
                0x0000000008000b4c                I2C1_EV_IRQHandler
                0x0000000008000b4c                DMA1_Stream6_IRQHandler
                0x0000000008000b4c                DMA1_Stream1_IRQHandler
                0x0000000008000b4c                UART4_IRQHandler
                0x0000000008000b4c                TIM3_IRQHandler
                0x0000000008000b4c                RCC_IRQHandler
                0x0000000008000b4c                TIM8_BRK_TIM12_IRQHandler
                0x0000000008000b4c                Default_Handler
                0x0000000008000b4c                CEC_IRQHandler
                0x0000000008000b4c                EXTI15_10_IRQHandler
                0x0000000008000b4c                ADC_IRQHandler
                0x0000000008000b4c                DMA1_Stream7_IRQHandler
                0x0000000008000b4c                TIM7_IRQHandler
                0x0000000008000b4c                CAN2_TX_IRQHandler
                0x0000000008000b4c                TIM5_IRQHandler
                0x0000000008000b4c                DMA2_Stream7_IRQHandler
                0x0000000008000b4c                I2C3_EV_IRQHandler
                0x0000000008000b4c                EXTI9_5_IRQHandler
                0x0000000008000b4c                RTC_WKUP_IRQHandler
                0x0000000008000b4c                SPDIF_RX_IRQHandler
                0x0000000008000b4c                SPI2_IRQHandler
                0x0000000008000b4c                OTG_HS_EP1_IN_IRQHandler
                0x0000000008000b4c                DMA1_Stream0_IRQHandler
                0x0000000008000b4c                CAN1_TX_IRQHandler
                0x0000000008000b4c                FMPI2C1_ER_IRQHandler
                0x0000000008000b4c                EXTI4_IRQHandler
                0x0000000008000b4c                OTG_HS_EP1_OUT_IRQHandler
                0x0000000008000b4c                WWDG_IRQHandler
                0x0000000008000b4c                TIM2_IRQHandler
                0x0000000008000b4c                OTG_FS_WKUP_IRQHandler
                0x0000000008000b4c                TIM1_TRG_COM_TIM11_IRQHandler
                0x0000000008000b4c                OTG_HS_IRQHandler
                0x0000000008000b4c                EXTI1_IRQHandler
                0x0000000008000b4c                USART2_IRQHandler
                0x0000000008000b4c                I2C2_ER_IRQHandler
                0x0000000008000b4c                DMA2_Stream1_IRQHandler
                0x0000000008000b4c                CAN1_SCE_IRQHandler
                0x0000000008000b4c                FLASH_IRQHandler
                0x0000000008000b4c                DMA2_Stream4_IRQHandler
                0x0000000008000b4c                USART1_IRQHandler
                0x0000000008000b4c                OTG_FS_IRQHandler
                0x0000000008000b4c                SPI3_IRQHandler
                0x0000000008000b4c                DMA1_Stream4_IRQHandler
                0x0000000008000b4c                I2C1_ER_IRQHandler
                0x0000000008000b4c                FMC_IRQHandler
                0x0000000008000b4c                DMA2_Stream6_IRQHandler
                0x0000000008000b4c                SAI1_IRQHandler
                0x0000000008000b4c                DMA1_Stream3_IRQHandler
 *fill*         0x0000000008000b4e        0x2 
 .text.HAL_Init
                0x0000000008000b50       0x44 ./Drivers/STM32F4xx_HAL_Driver/Src/stm32f4xx_hal.o
                0x0000000008000b50                HAL_Init
 .text.HAL_InitTick
                0x0000000008000b94       0x60 ./Drivers/STM32F4xx_HAL_Driver/Src/stm32f4xx_hal.o
                0x0000000008000b94                HAL_InitTick
 .text.HAL_IncTick
                0x0000000008000bf4       0x28 ./Drivers/STM32F4xx_HAL_Driver/Src/stm32f4xx_hal.o
                0x0000000008000bf4                HAL_IncTick
 .text.HAL_GetTick
                0x0000000008000c1c       0x18 ./Drivers/STM32F4xx_HAL_Driver/Src/stm32f4xx_hal.o
                0x0000000008000c1c                HAL_GetTick
 .text.HAL_ADC_Init
                0x0000000008000c34       0x86 ./Drivers/STM32F4xx_HAL_Driver/Src/stm32f4xx_hal_adc.o
                0x0000000008000c34                HAL_ADC_Init
 *fill*         0x0000000008000cba        0x2 
 .text.HAL_ADC_Start_DMA
                0x0000000008000cbc      0x220 ./Drivers/STM32F4xx_HAL_Driver/Src/stm32f4xx_hal_adc.o
                0x0000000008000cbc                HAL_ADC_Start_DMA
 .text.HAL_ADC_ErrorCallback
                0x0000000008000edc       0x14 ./Drivers/STM32F4xx_HAL_Driver/Src/stm32f4xx_hal_adc.o
                0x0000000008000edc                HAL_ADC_ErrorCallback
 .text.HAL_ADC_ConfigChannel
                0x0000000008000ef0      0x264 ./Drivers/STM32F4xx_HAL_Driver/Src/stm32f4xx_hal_adc.o
                0x0000000008000ef0                HAL_ADC_ConfigChannel
 .text.ADC_Init
                0x0000000008001154      0x1f8 ./Drivers/STM32F4xx_HAL_Driver/Src/stm32f4xx_hal_adc.o
 .text.ADC_DMAConvCplt
                0x000000000800134c       0xba ./Drivers/STM32F4xx_HAL_Driver/Src/stm32f4xx_hal_adc.o
 .text.ADC_DMAHalfConvCplt
                0x0000000008001406       0x1c ./Drivers/STM32F4xx_HAL_Driver/Src/stm32f4xx_hal_adc.o
 .text.ADC_DMAError
                0x0000000008001422       0x2e ./Drivers/STM32F4xx_HAL_Driver/Src/stm32f4xx_hal_adc.o
 .text.__NVIC_SetPriorityGrouping
                0x0000000008001450       0x48 ./Drivers/STM32F4xx_HAL_Driver/Src/stm32f4xx_hal_cortex.o
 .text.__NVIC_GetPriorityGrouping
                0x0000000008001498       0x1c ./Drivers/STM32F4xx_HAL_Driver/Src/stm32f4xx_hal_cortex.o
 .text.__NVIC_EnableIRQ
                0x00000000080014b4       0x3c ./Drivers/STM32F4xx_HAL_Driver/Src/stm32f4xx_hal_cortex.o
 .text.__NVIC_SetPriority
                0x00000000080014f0       0x54 ./Drivers/STM32F4xx_HAL_Driver/Src/stm32f4xx_hal_cortex.o
 .text.NVIC_EncodePriority
                0x0000000008001544       0x66 ./Drivers/STM32F4xx_HAL_Driver/Src/stm32f4xx_hal_cortex.o
 *fill*         0x00000000080015aa        0x2 
 .text.SysTick_Config
                0x00000000080015ac       0x44 ./Drivers/STM32F4xx_HAL_Driver/Src/stm32f4xx_hal_cortex.o
 .text.HAL_NVIC_SetPriorityGrouping
                0x00000000080015f0       0x16 ./Drivers/STM32F4xx_HAL_Driver/Src/stm32f4xx_hal_cortex.o
                0x00000000080015f0                HAL_NVIC_SetPriorityGrouping
 .text.HAL_NVIC_SetPriority
                0x0000000008001606       0x38 ./Drivers/STM32F4xx_HAL_Driver/Src/stm32f4xx_hal_cortex.o
                0x0000000008001606                HAL_NVIC_SetPriority
 .text.HAL_NVIC_EnableIRQ
                0x000000000800163e       0x1c ./Drivers/STM32F4xx_HAL_Driver/Src/stm32f4xx_hal_cortex.o
                0x000000000800163e                HAL_NVIC_EnableIRQ
 .text.HAL_SYSTICK_Config
                0x000000000800165a       0x18 ./Drivers/STM32F4xx_HAL_Driver/Src/stm32f4xx_hal_cortex.o
                0x000000000800165a                HAL_SYSTICK_Config
 *fill*         0x0000000008001672        0x2 
 .text.HAL_DMA_Init
                0x0000000008001674      0x15c ./Drivers/STM32F4xx_HAL_Driver/Src/stm32f4xx_hal_dma.o
                0x0000000008001674                HAL_DMA_Init
 .text.HAL_DMA_Start_IT
                0x00000000080017d0       0xb0 ./Drivers/STM32F4xx_HAL_Driver/Src/stm32f4xx_hal_dma.o
                0x00000000080017d0                HAL_DMA_Start_IT
 .text.HAL_DMA_IRQHandler
                0x0000000008001880      0x314 ./Drivers/STM32F4xx_HAL_Driver/Src/stm32f4xx_hal_dma.o
                0x0000000008001880                HAL_DMA_IRQHandler
 .text.DMA_SetConfig
                0x0000000008001b94       0x5c ./Drivers/STM32F4xx_HAL_Driver/Src/stm32f4xx_hal_dma.o
 .text.DMA_CalcBaseAndBitshift
                0x0000000008001bf0       0x6c ./Drivers/STM32F4xx_HAL_Driver/Src/stm32f4xx_hal_dma.o
 .text.DMA_CheckFifoParam
                0x0000000008001c5c       0xf8 ./Drivers/STM32F4xx_HAL_Driver/Src/stm32f4xx_hal_dma.o
 .text.HAL_GPIO_Init
                0x0000000008001d54      0x328 ./Drivers/STM32F4xx_HAL_Driver/Src/stm32f4xx_hal_gpio.o
                0x0000000008001d54                HAL_GPIO_Init
 .text.HAL_RCC_ClockConfig
                0x000000000800207c      0x1cc ./Drivers/STM32F4xx_HAL_Driver/Src/stm32f4xx_hal_rcc.o
                0x000000000800207c                HAL_RCC_ClockConfig
 .text.HAL_RCC_GetSysClockFreq
                0x0000000008002248      0x354 ./Drivers/STM32F4xx_HAL_Driver/Src/stm32f4xx_hal_rcc_ex.o
                0x0000000008002248                HAL_RCC_GetSysClockFreq
 .text.HAL_RCC_OscConfig
                0x000000000800259c      0x53c ./Drivers/STM32F4xx_HAL_Driver/Src/stm32f4xx_hal_rcc_ex.o
                0x000000000800259c                HAL_RCC_OscConfig
 .text.HAL_TIM_Base_Init
                0x0000000008002ad8       0x9e ./Drivers/STM32F4xx_HAL_Driver/Src/stm32f4xx_hal_tim.o
                0x0000000008002ad8                HAL_TIM_Base_Init
 *fill*         0x0000000008002b76        0x2 
 .text.HAL_TIM_Base_Start
                0x0000000008002b78       0xd0 ./Drivers/STM32F4xx_HAL_Driver/Src/stm32f4xx_hal_tim.o
                0x0000000008002b78                HAL_TIM_Base_Start
 .text.HAL_TIM_ConfigClockSource
                0x0000000008002c48      0x18e ./Drivers/STM32F4xx_HAL_Driver/Src/stm32f4xx_hal_tim.o
                0x0000000008002c48                HAL_TIM_ConfigClockSource
 *fill*         0x0000000008002dd6        0x2 
 .text.TIM_Base_SetConfig
                0x0000000008002dd8      0x140 ./Drivers/STM32F4xx_HAL_Driver/Src/stm32f4xx_hal_tim.o
                0x0000000008002dd8                TIM_Base_SetConfig
 .text.TIM_TI1_ConfigInputStage
                0x0000000008002f18       0x5e ./Drivers/STM32F4xx_HAL_Driver/Src/stm32f4xx_hal_tim.o
 .text.TIM_TI2_ConfigInputStage
                0x0000000008002f76       0x60 ./Drivers/STM32F4xx_HAL_Driver/Src/stm32f4xx_hal_tim.o
 .text.TIM_ITRx_SetConfig
                0x0000000008002fd6       0x36 ./Drivers/STM32F4xx_HAL_Driver/Src/stm32f4xx_hal_tim.o
 .text.TIM_ETR_SetConfig
                0x000000000800300c       0x40 ./Drivers/STM32F4xx_HAL_Driver/Src/stm32f4xx_hal_tim.o
                0x000000000800300c                TIM_ETR_SetConfig
 .text.HAL_TIMEx_MasterConfigSynchronization
                0x000000000800304c       0xf8 ./Drivers/STM32F4xx_HAL_Driver/Src/stm32f4xx_hal_tim_ex.o
                0x000000000800304c                HAL_TIMEx_MasterConfigSynchronization
 .text.__libc_init_array
                0x0000000008003144       0x48 d:/stm32cubeide_1.11.0/stm32cubeide/plugins/com.st.stm32cube.ide.mcu.externaltools.gnu-tools-for-stm32.10.3-2021.10.win32_1.0.100.202210260954/tools/bin/../lib/gcc/arm-none-eabi/10.3.1/../../../../arm-none-eabi/lib/thumb/v7e-m+fp/hard\libc_nano.a(lib_a-init.o)
                0x0000000008003144                __libc_init_array
 .text.memset   0x000000000800318c       0x10 d:/stm32cubeide_1.11.0/stm32cubeide/plugins/com.st.stm32cube.ide.mcu.externaltools.gnu-tools-for-stm32.10.3-2021.10.win32_1.0.100.202210260954/tools/bin/../lib/gcc/arm-none-eabi/10.3.1/../../../../arm-none-eabi/lib/thumb/v7e-m+fp/hard\libc_nano.a(lib_a-memset.o)
                0x000000000800318c                memset
 *(.glue_7)
 .glue_7        0x000000000800319c        0x0 linker stubs
 *(.glue_7t)
 .glue_7t       0x000000000800319c        0x0 linker stubs
 *(.eh_frame)
 .eh_frame      0x000000000800319c        0x0 d:/stm32cubeide_1.11.0/stm32cubeide/plugins/com.st.stm32cube.ide.mcu.externaltools.gnu-tools-for-stm32.10.3-2021.10.win32_1.0.100.202210260954/tools/bin/../lib/gcc/arm-none-eabi/10.3.1/thumb/v7e-m+fp/hard/crtbegin.o
 *(.init)
 .init          0x000000000800319c        0x4 d:/stm32cubeide_1.11.0/stm32cubeide/plugins/com.st.stm32cube.ide.mcu.externaltools.gnu-tools-for-stm32.10.3-2021.10.win32_1.0.100.202210260954/tools/bin/../lib/gcc/arm-none-eabi/10.3.1/thumb/v7e-m+fp/hard/crti.o
                0x000000000800319c                _init
 .init          0x00000000080031a0        0x8 d:/stm32cubeide_1.11.0/stm32cubeide/plugins/com.st.stm32cube.ide.mcu.externaltools.gnu-tools-for-stm32.10.3-2021.10.win32_1.0.100.202210260954/tools/bin/../lib/gcc/arm-none-eabi/10.3.1/thumb/v7e-m+fp/hard/crtn.o
 *(.fini)
 .fini          0x00000000080031a8        0x4 d:/stm32cubeide_1.11.0/stm32cubeide/plugins/com.st.stm32cube.ide.mcu.externaltools.gnu-tools-for-stm32.10.3-2021.10.win32_1.0.100.202210260954/tools/bin/../lib/gcc/arm-none-eabi/10.3.1/thumb/v7e-m+fp/hard/crti.o
                0x00000000080031a8                _fini
 .fini          0x00000000080031ac        0x8 d:/stm32cubeide_1.11.0/stm32cubeide/plugins/com.st.stm32cube.ide.mcu.externaltools.gnu-tools-for-stm32.10.3-2021.10.win32_1.0.100.202210260954/tools/bin/../lib/gcc/arm-none-eabi/10.3.1/thumb/v7e-m+fp/hard/crtn.o
                0x00000000080031b4                . = ALIGN (0x4)
                0x00000000080031b4                _etext = .

.vfp11_veneer   0x00000000080031b4        0x0
 .vfp11_veneer  0x00000000080031b4        0x0 linker stubs

.v4_bx          0x00000000080031b4        0x0
 .v4_bx         0x00000000080031b4        0x0 linker stubs

.iplt           0x00000000080031b4        0x0
 .iplt          0x00000000080031b4        0x0 d:/stm32cubeide_1.11.0/stm32cubeide/plugins/com.st.stm32cube.ide.mcu.externaltools.gnu-tools-for-stm32.10.3-2021.10.win32_1.0.100.202210260954/tools/bin/../lib/gcc/arm-none-eabi/10.3.1/thumb/v7e-m+fp/hard/crtbegin.o

.rodata         0x00000000080031b4       0x18
                0x00000000080031b4                . = ALIGN (0x4)
 *(.rodata)
 *(.rodata*)
 .rodata.AHBPrescTable
                0x00000000080031b4       0x10 ./Core/Src/system_stm32f4xx.o
                0x00000000080031b4                AHBPrescTable
 .rodata.flagBitshiftOffset.0
                0x00000000080031c4        0x8 ./Drivers/STM32F4xx_HAL_Driver/Src/stm32f4xx_hal_dma.o
                0x00000000080031cc                . = ALIGN (0x4)

.ARM.extab      0x00000000080031cc        0x0
                0x00000000080031cc                . = ALIGN (0x4)
 *(.ARM.extab* .gnu.linkonce.armextab.*)
                0x00000000080031cc                . = ALIGN (0x4)

.ARM            0x00000000080031cc        0x8
                0x00000000080031cc                . = ALIGN (0x4)
                0x00000000080031cc                __exidx_start = .
 *(.ARM.exidx*)
 .ARM.exidx     0x00000000080031cc        0x8 d:/stm32cubeide_1.11.0/stm32cubeide/plugins/com.st.stm32cube.ide.mcu.externaltools.gnu-tools-for-stm32.10.3-2021.10.win32_1.0.100.202210260954/tools/bin/../lib/gcc/arm-none-eabi/10.3.1/thumb/v7e-m+fp/hard\libgcc.a(_udivmoddi4.o)
                0x00000000080031d4                __exidx_end = .
                0x00000000080031d4                . = ALIGN (0x4)

.rel.dyn        0x00000000080031d4        0x0
 .rel.iplt      0x00000000080031d4        0x0 d:/stm32cubeide_1.11.0/stm32cubeide/plugins/com.st.stm32cube.ide.mcu.externaltools.gnu-tools-for-stm32.10.3-2021.10.win32_1.0.100.202210260954/tools/bin/../lib/gcc/arm-none-eabi/10.3.1/thumb/v7e-m+fp/hard/crtbegin.o

.preinit_array  0x00000000080031d4        0x0
                0x00000000080031d4                . = ALIGN (0x4)
                0x00000000080031d4                PROVIDE (__preinit_array_start = .)
 *(.preinit_array*)
                0x00000000080031d4                PROVIDE (__preinit_array_end = .)
                0x00000000080031d4                . = ALIGN (0x4)

.init_array     0x00000000080031d4        0x4
                0x00000000080031d4                . = ALIGN (0x4)
                0x00000000080031d4                PROVIDE (__init_array_start = .)
 *(SORT_BY_NAME(.init_array.*))
 *(.init_array*)
 .init_array    0x00000000080031d4        0x4 d:/stm32cubeide_1.11.0/stm32cubeide/plugins/com.st.stm32cube.ide.mcu.externaltools.gnu-tools-for-stm32.10.3-2021.10.win32_1.0.100.202210260954/tools/bin/../lib/gcc/arm-none-eabi/10.3.1/thumb/v7e-m+fp/hard/crtbegin.o
                0x00000000080031d8                PROVIDE (__init_array_end = .)
                0x00000000080031d8                . = ALIGN (0x4)

.fini_array     0x00000000080031d8        0x4
                0x00000000080031d8                . = ALIGN (0x4)
                [!provide]                        PROVIDE (__fini_array_start = .)
 *(SORT_BY_NAME(.fini_array.*))
 *(.fini_array*)
 .fini_array    0x00000000080031d8        0x4 d:/stm32cubeide_1.11.0/stm32cubeide/plugins/com.st.stm32cube.ide.mcu.externaltools.gnu-tools-for-stm32.10.3-2021.10.win32_1.0.100.202210260954/tools/bin/../lib/gcc/arm-none-eabi/10.3.1/thumb/v7e-m+fp/hard/crtbegin.o
                [!provide]                        PROVIDE (__fini_array_end = .)
                0x00000000080031dc                . = ALIGN (0x4)
                0x00000000080031dc                _sidata = LOADADDR (.data)

.data           0x0000000020000000        0xc load address 0x00000000080031dc
                0x0000000020000000                . = ALIGN (0x4)
                0x0000000020000000                _sdata = .
 *(.data)
 *(.data*)
 .data.SystemCoreClock
                0x0000000020000000        0x4 ./Core/Src/system_stm32f4xx.o
                0x0000000020000000                SystemCoreClock
 .data.uwTickPrio
                0x0000000020000004        0x4 ./Drivers/STM32F4xx_HAL_Driver/Src/stm32f4xx_hal.o
                0x0000000020000004                uwTickPrio
 .data.uwTickFreq
                0x0000000020000008        0x1 ./Drivers/STM32F4xx_HAL_Driver/Src/stm32f4xx_hal.o
                0x0000000020000008                uwTickFreq
 *(.RamFunc)
 *(.RamFunc*)
                0x000000002000000c                . = ALIGN (0x4)
 *fill*         0x0000000020000009        0x3 
                0x000000002000000c                _edata = .

.igot.plt       0x000000002000000c        0x0 load address 0x00000000080031e8
 .igot.plt      0x000000002000000c        0x0 d:/stm32cubeide_1.11.0/stm32cubeide/plugins/com.st.stm32cube.ide.mcu.externaltools.gnu-tools-for-stm32.10.3-2021.10.win32_1.0.100.202210260954/tools/bin/../lib/gcc/arm-none-eabi/10.3.1/thumb/v7e-m+fp/hard/crtbegin.o
                0x000000002000000c                . = ALIGN (0x4)

.bss            0x000000002000000c     0x4f80 load address 0x00000000080031e8
                0x000000002000000c                _sbss = .
                0x000000002000000c                __bss_start__ = _sbss
 *(.bss)
 .bss           0x000000002000000c       0x1c d:/stm32cubeide_1.11.0/stm32cubeide/plugins/com.st.stm32cube.ide.mcu.externaltools.gnu-tools-for-stm32.10.3-2021.10.win32_1.0.100.202210260954/tools/bin/../lib/gcc/arm-none-eabi/10.3.1/thumb/v7e-m+fp/hard/crtbegin.o
 *(.bss*)
 .bss.hadc1     0x0000000020000028       0x48 ./Core/Src/main.o
                0x0000000020000028                hadc1
 .bss.hdma_adc1
                0x0000000020000070       0x60 ./Core/Src/main.o
                0x0000000020000070                hdma_adc1
 .bss.htim3     0x00000000200000d0       0x48 ./Core/Src/main.o
                0x00000000200000d0                htim3
 .bss.htim6     0x0000000020000118       0x48 ./Core/Src/main.o
                0x0000000020000118                htim6
 .bss.adc_buffer
                0x0000000020000160     0x4e20 ./Core/Src/main.o
                0x0000000020000160                adc_buffer
 .bss.adc_value
                0x0000000020004f80        0x4 ./Core/Src/main.o
                0x0000000020004f80                adc_value
 .bss.timer_value
                0x0000000020004f84        0x4 ./Core/Src/main.o
                0x0000000020004f84                timer_value
 .bss.uwTick    0x0000000020004f88        0x4 ./Drivers/STM32F4xx_HAL_Driver/Src/stm32f4xx_hal.o
                0x0000000020004f88                uwTick
 *(COMMON)
                0x0000000020004f8c                . = ALIGN (0x4)
                0x0000000020004f8c                _ebss = .
                0x0000000020004f8c                __bss_end__ = _ebss

._user_heap_stack
                0x0000000020004f8c      0x604 load address 0x00000000080031e8
                0x0000000020004f90                . = ALIGN (0x8)
 *fill*         0x0000000020004f8c        0x4 
                [!provide]                        PROVIDE (end = .)
                0x0000000020004f90                PROVIDE (_end = .)
                0x0000000020005190                . = (. + _Min_Heap_Size)
 *fill*         0x0000000020004f90      0x200 
                0x0000000020005590                . = (. + _Min_Stack_Size)
 *fill*         0x0000000020005190      0x400 
                0x0000000020005590                . = ALIGN (0x8)

/DISCARD/
 libc.a(*)
 libm.a(*)
 libgcc.a(*)

.ARM.attributes
                0x0000000000000000       0x30
 *(.ARM.attributes)
 .ARM.attributes
                0x0000000000000000       0x1e d:/stm32cubeide_1.11.0/stm32cubeide/plugins/com.st.stm32cube.ide.mcu.externaltools.gnu-tools-for-stm32.10.3-2021.10.win32_1.0.100.202210260954/tools/bin/../lib/gcc/arm-none-eabi/10.3.1/thumb/v7e-m+fp/hard/crti.o
 .ARM.attributes
                0x000000000000001e       0x34 d:/stm32cubeide_1.11.0/stm32cubeide/plugins/com.st.stm32cube.ide.mcu.externaltools.gnu-tools-for-stm32.10.3-2021.10.win32_1.0.100.202210260954/tools/bin/../lib/gcc/arm-none-eabi/10.3.1/thumb/v7e-m+fp/hard/crtbegin.o
 .ARM.attributes
                0x0000000000000052       0x34 ./Core/Src/main.o
 .ARM.attributes
                0x0000000000000086       0x34 ./Core/Src/stm32f4xx_hal_msp.o
 .ARM.attributes
                0x00000000000000ba       0x34 ./Core/Src/stm32f4xx_it.o
 .ARM.attributes
                0x00000000000000ee       0x34 ./Core/Src/system_stm32f4xx.o
 .ARM.attributes
                0x0000000000000122       0x21 ./Core/Startup/startup_stm32f446retx.o
 .ARM.attributes
                0x0000000000000143       0x34 ./Drivers/STM32F4xx_HAL_Driver/Src/stm32f4xx_hal.o
 .ARM.attributes
                0x0000000000000177       0x34 ./Drivers/STM32F4xx_HAL_Driver/Src/stm32f4xx_hal_adc.o
 .ARM.attributes
                0x00000000000001ab       0x34 ./Drivers/STM32F4xx_HAL_Driver/Src/stm32f4xx_hal_cortex.o
 .ARM.attributes
                0x00000000000001df       0x34 ./Drivers/STM32F4xx_HAL_Driver/Src/stm32f4xx_hal_dma.o
 .ARM.attributes
                0x0000000000000213       0x34 ./Drivers/STM32F4xx_HAL_Driver/Src/stm32f4xx_hal_gpio.o
 .ARM.attributes
                0x0000000000000247       0x34 ./Drivers/STM32F4xx_HAL_Driver/Src/stm32f4xx_hal_rcc.o
 .ARM.attributes
                0x000000000000027b       0x34 ./Drivers/STM32F4xx_HAL_Driver/Src/stm32f4xx_hal_rcc_ex.o
 .ARM.attributes
                0x00000000000002af       0x34 ./Drivers/STM32F4xx_HAL_Driver/Src/stm32f4xx_hal_tim.o
 .ARM.attributes
                0x00000000000002e3       0x34 ./Drivers/STM32F4xx_HAL_Driver/Src/stm32f4xx_hal_tim_ex.o
 .ARM.attributes
                0x0000000000000317       0x34 d:/stm32cubeide_1.11.0/stm32cubeide/plugins/com.st.stm32cube.ide.mcu.externaltools.gnu-tools-for-stm32.10.3-2021.10.win32_1.0.100.202210260954/tools/bin/../lib/gcc/arm-none-eabi/10.3.1/../../../../arm-none-eabi/lib/thumb/v7e-m+fp/hard\libc_nano.a(lib_a-init.o)
 .ARM.attributes
                0x000000000000034b       0x34 d:/stm32cubeide_1.11.0/stm32cubeide/plugins/com.st.stm32cube.ide.mcu.externaltools.gnu-tools-for-stm32.10.3-2021.10.win32_1.0.100.202210260954/tools/bin/../lib/gcc/arm-none-eabi/10.3.1/../../../../arm-none-eabi/lib/thumb/v7e-m+fp/hard\libc_nano.a(lib_a-memset.o)
 .ARM.attributes
                0x000000000000037f       0x1e d:/stm32cubeide_1.11.0/stm32cubeide/plugins/com.st.stm32cube.ide.mcu.externaltools.gnu-tools-for-stm32.10.3-2021.10.win32_1.0.100.202210260954/tools/bin/../lib/gcc/arm-none-eabi/10.3.1/thumb/v7e-m+fp/hard\libgcc.a(_aeabi_uldivmod.o)
 .ARM.attributes
                0x000000000000039d       0x34 d:/stm32cubeide_1.11.0/stm32cubeide/plugins/com.st.stm32cube.ide.mcu.externaltools.gnu-tools-for-stm32.10.3-2021.10.win32_1.0.100.202210260954/tools/bin/../lib/gcc/arm-none-eabi/10.3.1/thumb/v7e-m+fp/hard\libgcc.a(_udivmoddi4.o)
 .ARM.attributes
                0x00000000000003d1       0x1e d:/stm32cubeide_1.11.0/stm32cubeide/plugins/com.st.stm32cube.ide.mcu.externaltools.gnu-tools-for-stm32.10.3-2021.10.win32_1.0.100.202210260954/tools/bin/../lib/gcc/arm-none-eabi/10.3.1/thumb/v7e-m+fp/hard\libgcc.a(_dvmd_tls.o)
 .ARM.attributes
                0x00000000000003ef       0x1e d:/stm32cubeide_1.11.0/stm32cubeide/plugins/com.st.stm32cube.ide.mcu.externaltools.gnu-tools-for-stm32.10.3-2021.10.win32_1.0.100.202210260954/tools/bin/../lib/gcc/arm-none-eabi/10.3.1/thumb/v7e-m+fp/hard/crtn.o
OUTPUT(ADC_DMA_TIMER_1.elf elf32-littlearm)
LOAD linker stubs
LOAD d:/stm32cubeide_1.11.0/stm32cubeide/plugins/com.st.stm32cube.ide.mcu.externaltools.gnu-tools-for-stm32.10.3-2021.10.win32_1.0.100.202210260954/tools/bin/../lib/gcc/arm-none-eabi/10.3.1/../../../../arm-none-eabi/lib/thumb/v7e-m+fp/hard\libc.a
LOAD d:/stm32cubeide_1.11.0/stm32cubeide/plugins/com.st.stm32cube.ide.mcu.externaltools.gnu-tools-for-stm32.10.3-2021.10.win32_1.0.100.202210260954/tools/bin/../lib/gcc/arm-none-eabi/10.3.1/../../../../arm-none-eabi/lib/thumb/v7e-m+fp/hard\libm.a
LOAD d:/stm32cubeide_1.11.0/stm32cubeide/plugins/com.st.stm32cube.ide.mcu.externaltools.gnu-tools-for-stm32.10.3-2021.10.win32_1.0.100.202210260954/tools/bin/../lib/gcc/arm-none-eabi/10.3.1/thumb/v7e-m+fp/hard\libgcc.a

.debug_info     0x0000000000000000     0xb694
 .debug_info    0x0000000000000000     0x137d ./Core/Src/main.o
 .debug_info    0x000000000000137d      0xdf1 ./Core/Src/stm32f4xx_hal_msp.o
 .debug_info    0x000000000000216e      0x3ec ./Core/Src/stm32f4xx_it.o
 .debug_info    0x000000000000255a      0x55b ./Core/Src/system_stm32f4xx.o
 .debug_info    0x0000000000002ab5       0x22 ./Core/Startup/startup_stm32f446retx.o
 .debug_info    0x0000000000002ad7      0x9d2 ./Drivers/STM32F4xx_HAL_Driver/Src/stm32f4xx_hal.o
 .debug_info    0x00000000000034a9      0xd70 ./Drivers/STM32F4xx_HAL_Driver/Src/stm32f4xx_hal_adc.o
 .debug_info    0x0000000000004219      0xe39 ./Drivers/STM32F4xx_HAL_Driver/Src/stm32f4xx_hal_cortex.o
 .debug_info    0x0000000000005052      0x94f ./Drivers/STM32F4xx_HAL_Driver/Src/stm32f4xx_hal_dma.o
 .debug_info    0x00000000000059a1      0x7be ./Drivers/STM32F4xx_HAL_Driver/Src/stm32f4xx_hal_gpio.o
 .debug_info    0x000000000000615f      0x9ab ./Drivers/STM32F4xx_HAL_Driver/Src/stm32f4xx_hal_rcc.o
 .debug_info    0x0000000000006b0a      0x9ec ./Drivers/STM32F4xx_HAL_Driver/Src/stm32f4xx_hal_rcc_ex.o
 .debug_info    0x00000000000074f6     0x2bbe ./Drivers/STM32F4xx_HAL_Driver/Src/stm32f4xx_hal_tim.o
 .debug_info    0x000000000000a0b4     0x15e0 ./Drivers/STM32F4xx_HAL_Driver/Src/stm32f4xx_hal_tim_ex.o

.debug_abbrev   0x0000000000000000     0x1c0b
 .debug_abbrev  0x0000000000000000      0x297 ./Core/Src/main.o
 .debug_abbrev  0x0000000000000297      0x200 ./Core/Src/stm32f4xx_hal_msp.o
 .debug_abbrev  0x0000000000000497      0x15f ./Core/Src/stm32f4xx_it.o
 .debug_abbrev  0x00000000000005f6      0x116 ./Core/Src/system_stm32f4xx.o
 .debug_abbrev  0x000000000000070c       0x12 ./Core/Startup/startup_stm32f446retx.o
 .debug_abbrev  0x000000000000071e      0x20d ./Drivers/STM32F4xx_HAL_Driver/Src/stm32f4xx_hal.o
 .debug_abbrev  0x000000000000092b      0x244 ./Drivers/STM32F4xx_HAL_Driver/Src/stm32f4xx_hal_adc.o
 .debug_abbrev  0x0000000000000b6f      0x316 ./Drivers/STM32F4xx_HAL_Driver/Src/stm32f4xx_hal_cortex.o
 .debug_abbrev  0x0000000000000e85      0x25b ./Drivers/STM32F4xx_HAL_Driver/Src/stm32f4xx_hal_dma.o
 .debug_abbrev  0x00000000000010e0      0x1c4 ./Drivers/STM32F4xx_HAL_Driver/Src/stm32f4xx_hal_gpio.o
 .debug_abbrev  0x00000000000012a4      0x2aa ./Drivers/STM32F4xx_HAL_Driver/Src/stm32f4xx_hal_rcc.o
 .debug_abbrev  0x000000000000154e      0x1fb ./Drivers/STM32F4xx_HAL_Driver/Src/stm32f4xx_hal_rcc_ex.o
 .debug_abbrev  0x0000000000001749      0x25d ./Drivers/STM32F4xx_HAL_Driver/Src/stm32f4xx_hal_tim.o
 .debug_abbrev  0x00000000000019a6      0x265 ./Drivers/STM32F4xx_HAL_Driver/Src/stm32f4xx_hal_tim_ex.o

.debug_aranges  0x0000000000000000      0xb70
 .debug_aranges
                0x0000000000000000       0x68 ./Core/Src/main.o
 .debug_aranges
                0x0000000000000068       0x40 ./Core/Src/stm32f4xx_hal_msp.o
 .debug_aranges
                0x00000000000000a8       0x68 ./Core/Src/stm32f4xx_it.o
 .debug_aranges
                0x0000000000000110       0x28 ./Core/Src/system_stm32f4xx.o
 .debug_aranges
                0x0000000000000138       0x28 ./Core/Startup/startup_stm32f446retx.o
 .debug_aranges
                0x0000000000000160       0xf0 ./Drivers/STM32F4xx_HAL_Driver/Src/stm32f4xx_hal.o
 .debug_aranges
                0x0000000000000250       0xe8 ./Drivers/STM32F4xx_HAL_Driver/Src/stm32f4xx_hal_adc.o
 .debug_aranges
                0x0000000000000338      0x118 ./Drivers/STM32F4xx_HAL_Driver/Src/stm32f4xx_hal_cortex.o
 .debug_aranges
                0x0000000000000450       0x90 ./Drivers/STM32F4xx_HAL_Driver/Src/stm32f4xx_hal_dma.o
 .debug_aranges
                0x00000000000004e0       0x58 ./Drivers/STM32F4xx_HAL_Driver/Src/stm32f4xx_hal_gpio.o
 .debug_aranges
                0x0000000000000538       0x88 ./Drivers/STM32F4xx_HAL_Driver/Src/stm32f4xx_hal_rcc.o
 .debug_aranges
                0x00000000000005c0       0x78 ./Drivers/STM32F4xx_HAL_Driver/Src/stm32f4xx_hal_rcc_ex.o
 .debug_aranges
                0x0000000000000638      0x3d0 ./Drivers/STM32F4xx_HAL_Driver/Src/stm32f4xx_hal_tim.o
 .debug_aranges
                0x0000000000000a08      0x168 ./Drivers/STM32F4xx_HAL_Driver/Src/stm32f4xx_hal_tim_ex.o

.debug_ranges   0x0000000000000000      0xa98
 .debug_ranges  0x0000000000000000       0x58 ./Core/Src/main.o
 .debug_ranges  0x0000000000000058       0x30 ./Core/Src/stm32f4xx_hal_msp.o
 .debug_ranges  0x0000000000000088       0x58 ./Core/Src/stm32f4xx_it.o
 .debug_ranges  0x00000000000000e0       0x18 ./Core/Src/system_stm32f4xx.o
 .debug_ranges  0x00000000000000f8       0x20 ./Core/Startup/startup_stm32f446retx.o
 .debug_ranges  0x0000000000000118       0xe0 ./Drivers/STM32F4xx_HAL_Driver/Src/stm32f4xx_hal.o
 .debug_ranges  0x00000000000001f8       0xd8 ./Drivers/STM32F4xx_HAL_Driver/Src/stm32f4xx_hal_adc.o
 .debug_ranges  0x00000000000002d0      0x108 ./Drivers/STM32F4xx_HAL_Driver/Src/stm32f4xx_hal_cortex.o
 .debug_ranges  0x00000000000003d8       0x80 ./Drivers/STM32F4xx_HAL_Driver/Src/stm32f4xx_hal_dma.o
 .debug_ranges  0x0000000000000458       0x48 ./Drivers/STM32F4xx_HAL_Driver/Src/stm32f4xx_hal_gpio.o
 .debug_ranges  0x00000000000004a0       0x78 ./Drivers/STM32F4xx_HAL_Driver/Src/stm32f4xx_hal_rcc.o
 .debug_ranges  0x0000000000000518       0x68 ./Drivers/STM32F4xx_HAL_Driver/Src/stm32f4xx_hal_rcc_ex.o
 .debug_ranges  0x0000000000000580      0x3c0 ./Drivers/STM32F4xx_HAL_Driver/Src/stm32f4xx_hal_tim.o
 .debug_ranges  0x0000000000000940      0x158 ./Drivers/STM32F4xx_HAL_Driver/Src/stm32f4xx_hal_tim_ex.o

.debug_macro    0x0000000000000000    0x22086
 .debug_macro   0x0000000000000000      0x1fc ./Core/Src/main.o
 .debug_macro   0x00000000000001fc      0xa78 ./Core/Src/main.o
 .debug_macro   0x0000000000000c74      0x29b ./Core/Src/main.o
 .debug_macro   0x0000000000000f0f       0x2e ./Core/Src/main.o
 .debug_macro   0x0000000000000f3d       0x28 ./Core/Src/main.o
 .debug_macro   0x0000000000000f65       0x22 ./Core/Src/main.o
 .debug_macro   0x0000000000000f87       0x8e ./Core/Src/main.o
 .debug_macro   0x0000000000001015       0x51 ./Core/Src/main.o
 .debug_macro   0x0000000000001066      0x103 ./Core/Src/main.o
 .debug_macro   0x0000000000001169       0x6a ./Core/Src/main.o
 .debug_macro   0x00000000000011d3      0x1df ./Core/Src/main.o
 .debug_macro   0x00000000000013b2       0x1c ./Core/Src/main.o
 .debug_macro   0x00000000000013ce       0x22 ./Core/Src/main.o
 .debug_macro   0x00000000000013f0       0xd9 ./Core/Src/main.o
 .debug_macro   0x00000000000014c9     0x102d ./Core/Src/main.o
 .debug_macro   0x00000000000024f6      0x11f ./Core/Src/main.o
 .debug_macro   0x0000000000002615    0x16749 ./Core/Src/main.o
 .debug_macro   0x0000000000018d5e       0x6d ./Core/Src/main.o
 .debug_macro   0x0000000000018dcb     0x367e ./Core/Src/main.o
 .debug_macro   0x000000000001c449      0x174 ./Core/Src/main.o
 .debug_macro   0x000000000001c5bd       0x5c ./Core/Src/main.o
 .debug_macro   0x000000000001c619      0xc90 ./Core/Src/main.o
 .debug_macro   0x000000000001d2a9      0x9fe ./Core/Src/main.o
 .debug_macro   0x000000000001dca7      0x115 ./Core/Src/main.o
 .debug_macro   0x000000000001ddbc      0x1a0 ./Core/Src/main.o
 .debug_macro   0x000000000001df5c       0xa5 ./Core/Src/main.o
 .debug_macro   0x000000000001e001      0x16d ./Core/Src/main.o
 .debug_macro   0x000000000001e16e      0x287 ./Core/Src/main.o
 .debug_macro   0x000000000001e3f5       0x5f ./Core/Src/main.o
 .debug_macro   0x000000000001e454      0x236 ./Core/Src/main.o
 .debug_macro   0x000000000001e68a      0xb5b ./Core/Src/main.o
 .debug_macro   0x000000000001f1e5      0x38b ./Core/Src/main.o
 .debug_macro   0x000000000001f570      0x17d ./Core/Src/main.o
 .debug_macro   0x000000000001f6ed       0xf9 ./Core/Src/main.o
 .debug_macro   0x000000000001f7e6      0x132 ./Core/Src/main.o
 .debug_macro   0x000000000001f918      0x29c ./Core/Src/main.o
 .debug_macro   0x000000000001fbb4       0x2e ./Core/Src/main.o
 .debug_macro   0x000000000001fbe2      0x11a ./Core/Src/main.o
 .debug_macro   0x000000000001fcfc       0xe8 ./Core/Src/main.o
 .debug_macro   0x000000000001fde4       0x89 ./Core/Src/main.o
 .debug_macro   0x000000000001fe6d      0x8e6 ./Core/Src/main.o
 .debug_macro   0x0000000000020753       0x4d ./Core/Src/main.o
 .debug_macro   0x00000000000207a0      0x126 ./Core/Src/main.o
 .debug_macro   0x00000000000208c6      0x1f6 ./Core/Src/stm32f4xx_hal_msp.o
 .debug_macro   0x0000000000020abc      0x200 ./Core/Src/stm32f4xx_it.o
 .debug_macro   0x0000000000020cbc      0x1ec ./Core/Src/system_stm32f4xx.o
 .debug_macro   0x0000000000020ea8      0x24c ./Drivers/STM32F4xx_HAL_Driver/Src/stm32f4xx_hal.o
 .debug_macro   0x00000000000210f4      0x1ed ./Drivers/STM32F4xx_HAL_Driver/Src/stm32f4xx_hal_adc.o
 .debug_macro   0x00000000000212e1      0x1ec ./Drivers/STM32F4xx_HAL_Driver/Src/stm32f4xx_hal_cortex.o
 .debug_macro   0x00000000000214cd      0x1f2 ./Drivers/STM32F4xx_HAL_Driver/Src/stm32f4xx_hal_dma.o
 .debug_macro   0x00000000000216bf      0x1f2 ./Drivers/STM32F4xx_HAL_Driver/Src/stm32f4xx_hal_gpio.o
 .debug_macro   0x00000000000218b1      0x210 ./Drivers/STM32F4xx_HAL_Driver/Src/stm32f4xx_hal_rcc.o
 .debug_macro   0x0000000000021ac1      0x1ec ./Drivers/STM32F4xx_HAL_Driver/Src/stm32f4xx_hal_rcc_ex.o
 .debug_macro   0x0000000000021cad      0x1ed ./Drivers/STM32F4xx_HAL_Driver/Src/stm32f4xx_hal_tim.o
 .debug_macro   0x0000000000021e9a      0x1ec ./Drivers/STM32F4xx_HAL_Driver/Src/stm32f4xx_hal_tim_ex.o

.debug_line     0x0000000000000000     0xd4c8
 .debug_line    0x0000000000000000      0x8ad ./Core/Src/main.o
 .debug_line    0x00000000000008ad      0x7b6 ./Core/Src/stm32f4xx_hal_msp.o
 .debug_line    0x0000000000001063      0x7c1 ./Core/Src/stm32f4xx_it.o
 .debug_line    0x0000000000001824      0x768 ./Core/Src/system_stm32f4xx.o
 .debug_line    0x0000000000001f8c       0x88 ./Core/Startup/startup_stm32f446retx.o
 .debug_line    0x0000000000002014      0x9ce ./Drivers/STM32F4xx_HAL_Driver/Src/stm32f4xx_hal.o
 .debug_line    0x00000000000029e2     0x124a ./Drivers/STM32F4xx_HAL_Driver/Src/stm32f4xx_hal_adc.o
 .debug_line    0x0000000000003c2c      0xc7d ./Drivers/STM32F4xx_HAL_Driver/Src/stm32f4xx_hal_cortex.o
 .debug_line    0x00000000000048a9      0xf32 ./Drivers/STM32F4xx_HAL_Driver/Src/stm32f4xx_hal_dma.o
 .debug_line    0x00000000000057db      0xb2e ./Drivers/STM32F4xx_HAL_Driver/Src/stm32f4xx_hal_gpio.o
 .debug_line    0x0000000000006309      0xd54 ./Drivers/STM32F4xx_HAL_Driver/Src/stm32f4xx_hal_rcc.o
 .debug_line    0x000000000000705d     0x13de ./Drivers/STM32F4xx_HAL_Driver/Src/stm32f4xx_hal_rcc_ex.o
 .debug_line    0x000000000000843b     0x36c2 ./Drivers/STM32F4xx_HAL_Driver/Src/stm32f4xx_hal_tim.o
 .debug_line    0x000000000000bafd     0x19cb ./Drivers/STM32F4xx_HAL_Driver/Src/stm32f4xx_hal_tim_ex.o

.debug_str      0x0000000000000000    0xd6fb1
 .debug_str     0x0000000000000000    0xd44b0 ./Core/Src/main.o
                                      0xd4851 (size before relaxing)
 .debug_str     0x00000000000d44b0      0x131 ./Core/Src/stm32f4xx_hal_msp.o
                                      0xd406b (size before relaxing)
 .debug_str     0x00000000000d45e1       0xf4 ./Core/Src/stm32f4xx_it.o
                                      0xd3a57 (size before relaxing)
 .debug_str     0x00000000000d46d5       0xdb ./Core/Src/system_stm32f4xx.o
                                      0xd3911 (size before relaxing)
 .debug_str     0x00000000000d47b0       0x36 ./Core/Startup/startup_stm32f446retx.o
                                         0x99 (size before relaxing)
 .debug_str     0x00000000000d47e6      0x617 ./Drivers/STM32F4xx_HAL_Driver/Src/stm32f4xx_hal.o
                                      0xd44d6 (size before relaxing)
 .debug_str     0x00000000000d4dfd      0x28b ./Drivers/STM32F4xx_HAL_Driver/Src/stm32f4xx_hal_adc.o
                                      0xd3ed9 (size before relaxing)
 .debug_str     0x00000000000d5088      0x33f ./Drivers/STM32F4xx_HAL_Driver/Src/stm32f4xx_hal_cortex.o
                                      0xd41e4 (size before relaxing)
 .debug_str     0x00000000000d53c7      0x2d5 ./Drivers/STM32F4xx_HAL_Driver/Src/stm32f4xx_hal_dma.o
                                      0xd3d06 (size before relaxing)
 .debug_str     0x00000000000d569c      0x15d ./Drivers/STM32F4xx_HAL_Driver/Src/stm32f4xx_hal_gpio.o
                                      0xd3a8c (size before relaxing)
 .debug_str     0x00000000000d57f9      0x233 ./Drivers/STM32F4xx_HAL_Driver/Src/stm32f4xx_hal_rcc.o
                                      0xd3d4a (size before relaxing)
 .debug_str     0x00000000000d5a2c      0x324 ./Drivers/STM32F4xx_HAL_Driver/Src/stm32f4xx_hal_rcc_ex.o
                                      0xd3d7d (size before relaxing)
 .debug_str     0x00000000000d5d50      0xdce ./Drivers/STM32F4xx_HAL_Driver/Src/stm32f4xx_hal_tim.o
                                      0xd4c66 (size before relaxing)
 .debug_str     0x00000000000d6b1e      0x493 ./Drivers/STM32F4xx_HAL_Driver/Src/stm32f4xx_hal_tim_ex.o
                                      0xd4482 (size before relaxing)

.comment        0x0000000000000000       0x50
 .comment       0x0000000000000000       0x50 ./Core/Src/main.o
                                         0x51 (size before relaxing)
 .comment       0x0000000000000050       0x51 ./Core/Src/stm32f4xx_hal_msp.o
 .comment       0x0000000000000050       0x51 ./Core/Src/stm32f4xx_it.o
 .comment       0x0000000000000050       0x51 ./Core/Src/system_stm32f4xx.o
 .comment       0x0000000000000050       0x51 ./Drivers/STM32F4xx_HAL_Driver/Src/stm32f4xx_hal.o
 .comment       0x0000000000000050       0x51 ./Drivers/STM32F4xx_HAL_Driver/Src/stm32f4xx_hal_adc.o
 .comment       0x0000000000000050       0x51 ./Drivers/STM32F4xx_HAL_Driver/Src/stm32f4xx_hal_cortex.o
 .comment       0x0000000000000050       0x51 ./Drivers/STM32F4xx_HAL_Driver/Src/stm32f4xx_hal_dma.o
 .comment       0x0000000000000050       0x51 ./Drivers/STM32F4xx_HAL_Driver/Src/stm32f4xx_hal_gpio.o
 .comment       0x0000000000000050       0x51 ./Drivers/STM32F4xx_HAL_Driver/Src/stm32f4xx_hal_rcc.o
 .comment       0x0000000000000050       0x51 ./Drivers/STM32F4xx_HAL_Driver/Src/stm32f4xx_hal_rcc_ex.o
 .comment       0x0000000000000050       0x51 ./Drivers/STM32F4xx_HAL_Driver/Src/stm32f4xx_hal_tim.o
 .comment       0x0000000000000050       0x51 ./Drivers/STM32F4xx_HAL_Driver/Src/stm32f4xx_hal_tim_ex.o

.debug_frame    0x0000000000000000     0x2fe0
 .debug_frame   0x0000000000000000      0x170 ./Core/Src/main.o
 .debug_frame   0x0000000000000170       0xd0 ./Core/Src/stm32f4xx_hal_msp.o
 .debug_frame   0x0000000000000240      0x120 ./Core/Src/stm32f4xx_it.o
 .debug_frame   0x0000000000000360       0x58 ./Core/Src/system_stm32f4xx.o
 .debug_frame   0x00000000000003b8      0x374 ./Drivers/STM32F4xx_HAL_Driver/Src/stm32f4xx_hal.o
 .debug_frame   0x000000000000072c      0x3fc ./Drivers/STM32F4xx_HAL_Driver/Src/stm32f4xx_hal_adc.o
 .debug_frame   0x0000000000000b28      0x498 ./Drivers/STM32F4xx_HAL_Driver/Src/stm32f4xx_hal_cortex.o
 .debug_frame   0x0000000000000fc0      0x250 ./Drivers/STM32F4xx_HAL_Driver/Src/stm32f4xx_hal_dma.o
 .debug_frame   0x0000000000001210      0x14c ./Drivers/STM32F4xx_HAL_Driver/Src/stm32f4xx_hal_gpio.o
 .debug_frame   0x000000000000135c      0x1f4 ./Drivers/STM32F4xx_HAL_Driver/Src/stm32f4xx_hal_rcc.o
 .debug_frame   0x0000000000001550      0x1e8 ./Drivers/STM32F4xx_HAL_Driver/Src/stm32f4xx_hal_rcc_ex.o
 .debug_frame   0x0000000000001738     0x11c4 ./Drivers/STM32F4xx_HAL_Driver/Src/stm32f4xx_hal_tim.o
 .debug_frame   0x00000000000028fc      0x638 ./Drivers/STM32F4xx_HAL_Driver/Src/stm32f4xx_hal_tim_ex.o
 .debug_frame   0x0000000000002f34       0x2c d:/stm32cubeide_1.11.0/stm32cubeide/plugins/com.st.stm32cube.ide.mcu.externaltools.gnu-tools-for-stm32.10.3-2021.10.win32_1.0.100.202210260954/tools/bin/../lib/gcc/arm-none-eabi/10.3.1/../../../../arm-none-eabi/lib/thumb/v7e-m+fp/hard\libc_nano.a(lib_a-init.o)
 .debug_frame   0x0000000000002f60       0x20 d:/stm32cubeide_1.11.0/stm32cubeide/plugins/com.st.stm32cube.ide.mcu.externaltools.gnu-tools-for-stm32.10.3-2021.10.win32_1.0.100.202210260954/tools/bin/../lib/gcc/arm-none-eabi/10.3.1/../../../../arm-none-eabi/lib/thumb/v7e-m+fp/hard\libc_nano.a(lib_a-memset.o)
 .debug_frame   0x0000000000002f80       0x2c d:/stm32cubeide_1.11.0/stm32cubeide/plugins/com.st.stm32cube.ide.mcu.externaltools.gnu-tools-for-stm32.10.3-2021.10.win32_1.0.100.202210260954/tools/bin/../lib/gcc/arm-none-eabi/10.3.1/thumb/v7e-m+fp/hard\libgcc.a(_aeabi_uldivmod.o)
 .debug_frame   0x0000000000002fac       0x34 d:/stm32cubeide_1.11.0/stm32cubeide/plugins/com.st.stm32cube.ide.mcu.externaltools.gnu-tools-for-stm32.10.3-2021.10.win32_1.0.100.202210260954/tools/bin/../lib/gcc/arm-none-eabi/10.3.1/thumb/v7e-m+fp/hard\libgcc.a(_udivmoddi4.o)
