../Core/Src/main.c:77:5:main	8	static
../Core/Src/main.c:127:6:SystemClock_Config	88	static
../Core/Src/main.c:169:13:MX_ADC1_Init	24	static
../Core/Src/main.c:221:13:MX_TIM3_Init	32	static
../Core/Src/main.c:266:13:MX_TIM6_Init	16	static
../Core/Src/main.c:302:13:MX_DMA_Init	16	static
../Core/Src/main.c:320:13:MX_GPIO_Init	16	static
../Core/Src/main.c:331:6:HAL_ADC_ConvHalfCpltCallback	16	static
../Core/Src/main.c:336:6:HAL_ADC_ConvCpltCallback	16	static
../Core/Src/main.c:347:6:Error_Handler	4	static,ignoring_inline_asm
